// Jest Snapshot v1, https://goo.gl/fbAQLP

exports[`Pruebas para <GifExpertApp/> Hacer match con el snapshot  1`] = `
<div>
  <h1>
    GifExpertApp
  </h1>
  <form
    aria-label="form"
  >
    <input
      placeholder="Buscar Gifs"
      type="text"
      value=""
    />
  </form>
  <div
    class="grid-container"
  >
    <div
      class="title-category-container"
    >
      <h3>
        Dragon ball
      </h3>
      <button
        aria-label="button"
      >
        <svg
          color="red"
          fill="currentColor"
          height="27"
          stroke="currentColor"
          stroke-width="0"
          style="color: red;"
          viewBox="0 0 448 512"
          width="27"
          xmlns="http://www.w3.org/2000/svg"
        >
          <path
            d="M432 32H312l-9.4-18.7A24 24 0 0 0 281.1 0H166.8a23.72 23.72 0 0 0-21.4 13.3L136 32H16A16 16 0 0 0 0 48v32a16 16 0 0 0 16 16h416a16 16 0 0 0 16-16V48a16 16 0 0 0-16-16zM53.2 467a48 48 0 0 0 47.9 45h245.8a48 48 0 0 0 47.9-45L416 128H32z"
          />
        </svg>
      </button>
    </div>
    <div
      class="card-grid"
    >
      <h2>
        Cargando...
      </h2>
    </div>
  </div>
</div>
`;
